app/(auth)/auth/sign-up/page.tsx(31,45): error TS2339: Property 'setUserRole' does not exist on type '{ default: RegisteredMutation<"public", { phone?: string | undefined; name: string; email: string; userId: string; role: "user" | "admin"; }, Promise<void>>; }'.
app/(auth)/auth/sign-up/page.tsx(54,20): error TS2339: Property 'user' does not exist on type 'Data<NonNullable<{ token: null; user: { id: string; createdAt: Date; updatedAt: Date; email: string; emailVerified: boolean; name: string; image?: string | null | undefined; }; } | { token: string; user: { ...; }; }>> | Error$1<...>'.
  Property 'user' does not exist on type 'Data<NonNullable<{ token: null; user: { id: string; createdAt: Date; updatedAt: Date; email: string; emailVerified: boolean; name: string; image?: string | null | undefined; }; } | { token: string; user: { ...; }; }>>'.
app/(auth)/auth/sign-up/page.tsx(64,24): error TS2339: Property 'user' does not exist on type 'Data<NonNullable<{ token: null; user: { id: string; createdAt: Date; updatedAt: Date; email: string; emailVerified: boolean; name: string; image?: string | null | undefined; }; } | { token: string; user: { ...; }; }>> | Error$1<...>'.
  Property 'user' does not exist on type 'Data<NonNullable<{ token: null; user: { id: string; createdAt: Date; updatedAt: Date; email: string; emailVerified: boolean; name: string; image?: string | null | undefined; }; } | { token: string; user: { ...; }; }>>'.
app/(shared-layout)/test/page.tsx(11,27): error TS2339: Property 'text' does not exist on type '{ _id: Id<"user">; _creationTime: number; image?: string | null | undefined; userId?: string | null | undefined; phone?: string | null | undefined; name: string; email: string; emailVerified: boolean; createdAt: number; updatedAt: number; } | ... 4 more ... | { ...; }'.
convex/tasks.ts(6,31): error TS2345: Argument of type '"tasks"' is not assignable to parameter of type 'TableNamesInDataModel<{ user: { document: { _id: Id<"user">; _creationTime: number; image?: string | null | undefined; userId?: string | null | undefined; phone?: string | null | undefined; name: string; email: string; emailVerified: boolean; createdAt: number; updatedAt: number; }; fieldPaths: ExtractFieldPaths<......'.
